Monitor Failure codes:
    CS  Cold Sync monitoring        FL  Fabric Connection monitoring
    IF  Interface monitoring        IP  IP monitoring
    CF  Config Sync monitoring

Cluster ID: 22
Node name: node1

Software version: userspace-forwarding-ok-20260402-bfb00432-3308-g0eb3b133a
HA protocol version: 1
Peer software version: working-15065-g0b634b4e0-dirty
Peer HA protocol version: 1

Node   Priority Status         Preempt  Manual   Monitor-failures

Redundancy group: 0 , Failover count: 0
node1  100      secondary      no       no       None
  Takeover ready: yes
  Transfer ready: no (session sync disconnected)
node0  200      primary        no       no       None

Redundancy group: 1 , Failover count: 0
node1  100      secondary      no       no       None
  Takeover ready: yes
  Transfer ready: no (session sync disconnected)
node0  200      primary        no       no       None

Redundancy group: 2 , Failover count: 0
node1  100      secondary      no       no       None
  Takeover ready: yes
  Transfer ready: no (session sync disconnected)
node0  200      primary        no       no       None

