Monitor Failure codes:
    CS  Cold Sync monitoring        FL  Fabric Connection monitoring
    IF  Interface monitoring        IP  IP monitoring
    CF  Config Sync monitoring

Cluster ID: 22
Node name: node1

Software version: working-15061-g7ef226474-dirty
HA protocol version: 1
Session-sync wire version: 2
Peer software version: working-15065-g0b634b4e0-dirty
Peer HA protocol version: 1
Peer session-sync wire version: 2

Node   Priority Status         Preempt  Manual   Monitor-failures

Redundancy group: 0 , Failover count: 0
node1  100      secondary      no       no       None
  Takeover ready: yes
  Transfer ready: yes
  Forwarding: rg-active=inactive vrrp-master=none
node0  200      primary        no       no       None

Redundancy group: 1 , Failover count: 0
node1  100      secondary      no       no       None
  Takeover ready: yes
  Transfer ready: yes
  Forwarding: rg-active=inactive vrrp-master=none
node0  200      primary        no       no       None

Redundancy group: 2 , Failover count: 0
node1  100      secondary      no       no       None
  Takeover ready: yes
  Transfer ready: yes
  Forwarding: rg-active=inactive vrrp-master=none
node0  200      primary        no       no       None


Warning: peer wall clock is 120s behind this node (fabric auth window 30s).
  Cross-node fabric RPCs (session queries, aggregation, clear propagation,
  cross-node failover) are failing authentication. Forwarding, VRRP and
  failover are unaffected. Synchronise NTP on both nodes.
